// Jest Snapshot v1, https://goo.gl/fbAQLP

exports[`components/Hero should match snapshot 1`] = `
.c0 {
  background: linear-gradient( 159.41deg, #FF009D 3.42%, #F5B324 96.5% );
  height: 560px;
  width: 100%;
  position: relative;
  overflow: hidden;
  z-index: 1;
  display: -webkit-box;
  display: -webkit-flex;
  display: -ms-flexbox;
  display: flex;
  -webkit-align-items: center;
  -webkit-box-align: center;
  -ms-flex-align: center;
  align-items: center;
  -webkit-box-pack: stretch;
  -webkit-justify-content: stretch;
  -ms-flex-pack: stretch;
  justify-content: stretch;
  -webkit-flex-direction: column;
  -ms-flex-direction: column;
  flex-direction: column;
}

.c1 {
  position: absolute;
  background: #E5E5E5;
  bottom: -34%;
  content: '';
  display: block;
  height: 50%;
  left: 0;
  right: 0;
  -webkit-transform-origin: 100%;
  -ms-transform-origin: 100%;
  transform-origin: 100%;
  -webkit-transform: skewY(-3deg);
  -ms-transform: skewY(-3deg);
  transform: skewY(-3deg);
  z-index: -1;
}

.c2 {
  position: relative;
}

.c3 {
  width: 260px;
  height: auto;
  display: block;
  margin: 0 auto;
}

.c4 {
  width: 552px;
  height: auto;
  display: block;
  margin: 0 auto;
}

@media (max-width:480px) {
  .c0 {
    height: 460px;
  }
}

@media (max-width:992px) {
  .c4 {
    max-width: calc(100% - 48px);
  }
}

<header
  className="c0"
>
  <div
    className="c1"
  />
  <div
    className="c2"
  >
    <img
      alt="Welcome to"
      className="c3"
      src="hero-arrow.svg"
    />
    <img
      alt="Alamo Drafthouse Cinema"
      className="c4"
      src="hero-logo.png"
    />
  </div>
</header>
`;
